测试log
test log